// Jest Snapshot v1, https://goo.gl/fbAQLP

exports[`Rockets component testing checks for accurate rendering of all rockets 1`] = `
<section
  className="rockets-container"
/>
`;
